[debug] [2026-07-30T15:57:41.498Z] ----------------------------------------------------------------------
[debug] [2026-07-30T15:57:41.503Z] Command:       /Users/prabhu.tiwary/.nvm/versions/node/v20.20.2/bin/node /Users/prabhu.tiwary/.nvm/versions/node/v20.20.2/bin/firebase init
[debug] [2026-07-30T15:57:41.503Z] CLI Version:   15.24.0
[debug] [2026-07-30T15:57:41.503Z] Platform:      darwin
[debug] [2026-07-30T15:57:41.503Z] Node Version:  v20.20.2
[debug] [2026-07-30T15:57:41.503Z] Detected Agent: unknown
[debug] [2026-07-30T15:57:41.503Z] Time:          Thu Jul 30 2026 21:27:41 GMT+0530 (India Standard Time)
[debug] [2026-07-30T15:57:41.504Z] ----------------------------------------------------------------------
[debug] 
[info] 
     ######## #### ########  ######## ########     ###     ######  ########
     ##        ##  ##     ## ##       ##     ##  ##   ##  ##       ##
     ######    ##  ########  ######   ########  #########  ######  ######
     ##        ##  ##    ##  ##       ##     ## ##     ##       ## ##
     ##       #### ##     ## ######## ########  ##     ##  ######  ########

You're about to initialize a Firebase project in this directory:

  /Users/prabhu.tiwary/Downloads/prabhu_portfolio

[info] 
=== Project Setup
[info] 
[info] First, let's associate this project directory with a Firebase project.
[info] You can create multiple project aliases by running firebase use --add, 
[info] 
[debug] [2026-07-30T15:57:48.682Z] > command requires scopes: ["email","openid","https://www.googleapis.com/auth/cloudplatformprojects.readonly","https://www.googleapis.com/auth/firebase","https://www.googleapis.com/auth/cloud-platform"]
[debug] [2026-07-30T15:57:48.682Z] > authorizing via signed-in user (prabhutiwari111@gmail.com)
[debug] [2026-07-30T15:57:48.684Z] Checked if tokens are valid: true, expires at: 1785430468971
[debug] [2026-07-30T15:57:48.684Z] Checked if tokens are valid: true, expires at: 1785430468971
[debug] [2026-07-30T15:57:48.686Z] >>> [apiv2][query] GET https://firebase.googleapis.com/v1beta1/projects/meet-prabhu [none]
[debug] [2026-07-30T15:57:49.343Z] <<< [apiv2][status] GET https://firebase.googleapis.com/v1beta1/projects/meet-prabhu 200
[debug] [2026-07-30T15:57:49.343Z] <<< [apiv2][body] GET https://firebase.googleapis.com/v1beta1/projects/meet-prabhu {"projectId":"meet-prabhu","projectNumber":"96625551159","displayName":"meet-prabhu","name":"projects/meet-prabhu","resources":{"hostingSite":"meet-prabhu"},"state":"ACTIVE","labels":{"firebase":"enabled"},"etag":"1_ca45a7e1-7b3a-4536-a6e8-58f7a5086d20"}
[info] i  Using project meet-prabhu (meet-prabhu) . 
[info] 
=== Hosting Setup
[debug] [2026-07-30T15:57:52.022Z] Checked if tokens are valid: true, expires at: 1785430468971
[debug] [2026-07-30T15:57:52.022Z] Checked if tokens are valid: true, expires at: 1785430468971
[debug] [2026-07-30T15:57:52.023Z] >>> [apiv2][query] GET https://firebase.googleapis.com/v1beta1/projects/meet-prabhu [none]
[debug] [2026-07-30T15:57:52.640Z] <<< [apiv2][status] GET https://firebase.googleapis.com/v1beta1/projects/meet-prabhu 200
[debug] [2026-07-30T15:57:52.641Z] <<< [apiv2][body] GET https://firebase.googleapis.com/v1beta1/projects/meet-prabhu {"projectId":"meet-prabhu","projectNumber":"96625551159","displayName":"meet-prabhu","name":"projects/meet-prabhu","resources":{"hostingSite":"meet-prabhu"},"state":"ACTIVE","labels":{"firebase":"enabled"},"etag":"1_ca45a7e1-7b3a-4536-a6e8-58f7a5086d20"}
[info] 
[info] Your public directory is the folder (relative to your project directory) that
[info] will contain Hosting assets to be uploaded with firebase deploy. If you
[info] have a build process for your assets, use your build's output directory.
[info] 
[debug] [2026-07-30T15:57:59.255Z] ExitPromptError: User force closed the prompt with SIGINT
    at Interface.sigint (/Users/prabhu.tiwary/.nvm/versions/node/v20.20.2/lib/node_modules/firebase-tools/node_modules/@inquirer/core/dist/commonjs/lib/create-prompt.js:101:37)
    at Interface.emit (node:events:524:28)
    at [_ttyWrite] [as _ttyWrite] (node:internal/readline/interface:1134:18)
    at ReadStream.onkeypress (node:internal/readline/interface:267:20)
    at ReadStream.emit (node:events:536:35)
    at emitKeys (node:internal/readline/utils:371:14)
    at emitKeys.next (<anonymous>)
    at ReadStream.onData (node:internal/readline/emitKeypressEvents:64:36)
    at ReadStream.emit (node:events:524:28)
    at addChunk (node:internal/streams/readable:561:12)
[error] 
[error] Error: An unexpected error has occurred.
